<html>
<body>
<pre>
<h1>µVision Build Log</h1>
<h2>Tool Versions:</h2>
IDE-Version: ¶ÃVision V5.28.0.0
Copyright (C) 2019 ARM Ltd and ARM Germany GmbH. All rights reserved.
License Information: wgd wgd, JS, LIC=NQQNN-YDMQX-CXFU6-DXU33-TC5LT-8TJ3B
 
Tool Versions:
Toolchain:       MDK-ARM Plus  Version: 5.28.0.0
Toolchain Path:  D:\software\keil\ARM\ARMCC\Bin
C Compiler:      Armcc.exe V5.06 update 6 (build 750)
Assembler:       Armasm.exe V5.06 update 6 (build 750)
Linker/Locator:  ArmLink.exe V5.06 update 6 (build 750)
Library Manager: ArmAr.exe V5.06 update 6 (build 750)
Hex Converter:   FromElf.exe V5.06 update 6 (build 750)
CPU DLL:         SARMCM3.DLL V5.28.0.0
Dialog DLL:      DCM.DLL V1.17.3.0
Target DLL:      STLink\ST-LINKIII-KEIL_SWO.dll V3.0.6.0
Dialog DLL:      TCM.DLL V1.36.2.0
 
<h2>Project:</h2>
C:\Users\Maxtropy\OneDrive\Œƒµµ\STM32F1±‡≥Ãƒ£∞Â\≥Ã–Úƒ£∞Â\project\STM32F1.uvprojx
Project File Date:  05/18/2020

<h2>Output:</h2>
*** Using Compiler 'V5.06 update 6 (build 750)', folder: 'D:\software\keil\ARM\ARMCC\Bin'
Build target 'Target 1'
compiling AT24Cxx.c...
..\user\AT24Cxx\AT24Cxx.c(184): warning:  #550-D: variable "sss"  was set but never used
  	const u8 sss[] = "AT24C02∂¡–¥≤‚ ‘789099*/8569/*85+9*89AT24Cxx∂¡–¥≤‚ ‘012345678909*/8569/*85+9*89AT24Cxx∂¡–¥≤‚ ‘012345678909*/8569/*85+9*8965+8969568*86959-*89569*65+69*+1234567890123456789012345678901234567890123456789454445451452424524242855243210";
..\user\AT24Cxx\AT24Cxx.c: 1 warning, 0 errors
compiling SIM7600.c...
compiling sys.c...
compiling delay.c...
compiling main.c...
compiling iic.c...
compiling key.c...
compiling usart.c...
linking...
Program Size: Code=4728 RO-data=336 RW-data=800 ZI-data=5120  
".\Objects\STM32F1.axf" - 0 Error(s), 1 Warning(s).

<h2>Software Packages used:</h2>

Package Vendor: ARM
                http://www.keil.com/pack/ARM.CMSIS.5.5.1.pack
                ARM.CMSIS.5.5.1
                CMSIS (Cortex Microcontroller Software Interface Standard)
   * Component: CORE Version: 5.2.0

Package Vendor: Keil
                http://www.keil.com/pack/Keil.STM32F1xx_DFP.2.3.0.pack
                Keil.STM32F1xx_DFP.2.3.0
                STMicroelectronics STM32F1 Series Device Support, Drivers and Examples

<h2>Collection of Component include folders:</h2>
  .\RTE\_Target_1
  D:\software\keil\ARM\CMSIS\5.5.1\CMSIS\Core\Include
  D:\software\keil\Keil\STM32F1xx_DFP\2.3.0\Device\Include

<h2>Collection of Component Files used:</h2>

   * Component: ARM::CMSIS:CORE:5.2.0
Build Time Elapsed:  00:00:02
</pre>
</body>
</html>
